---
source: crates/bingo-surface-tui/src/intro/mascot.rs
expression: cut
---
       #    ##          
       ##   ###         
       ##    ##         
      #                 
     ##                 
    ##   #              
   ###  ###             
    #########           
    ##########          
    ##########          
     ########           
      #######    #
