---
source: crates/bingo-surface-tui/src/intro/mod.rs
expression: drawn
---
                                                                                                    
                                                                                                    
                                                 .       .-.                                        
                                                 -...    :-:             .                          
                                                 =:....  :+-:                                       
                                                 ░-::    .+=-.                                      
                                                .░=:. .  .+=::                                      
                           ........             .+:.   . .-=::.                                     
                         ....::::...            :..     . .:::.                                     
                        ...:::---::..         . -..       . ....                                    
                        ..::--===--:..        .=:          .   .                                    
                       ...:-==██+=-::.=     ..░-     .      .                                       
                       ..::-=+███+=-:..    . ▒+.... :         .                                     
                       ..:-=+░███░+-:..=  . +░::...:-..        .                                    
                       ..:-=+░███░+=:..    :-░:...:--..         .                                   
                       ..:-=+░███░+=-:.   .=:░-.:.:---:. .       .                                  
                       ..:-=+░███░+=:..    : =+:::---:::: .                                         
                       ..:-=+░███░+-:..      =+-:+:--=-::-:       .                                 
                       ...:-=+███+=-:..       .:=░==-------.      ..                                
                        ..::-==+==-:...      +░+====------:.     ....                               
                        ...::-----::.::     :░+====----=--:.     ....                               
                         ....:::::....        +==-==-----:-.      .   .                             
                           ........           ░+====------..     .                                  
                                               :====----:::     ..                                  
                                               .░===-----::.   .-..                                 
                                                -+==---:-:.   .....      .
