---
source: crates/bingo-surface-tui/src/intro/shade.rs
expression: board
---
                                                            
                                                            
                                                            
                                                            
                           @@@@@@                           
                       @@@@%%%%#####%                       
                     @@%%%%####*****++*                     
                    @%%#####****++++====                    
                   %###******++++====----                   
                   #****++++++====---::::                   
                   *+++++======----:::..:                   
                   ++=====-----::::.....:                   
                    =-----:::::........:                    
                     -::::............-                     
                       -:..........:-                       
                           =----=                           
                                                            
                                                            
                                                            
                                                            

                                                            
                                                            
                                                            
                                                            
                        **+::::::*                          
                     #****+::::::::::::::+                  
                   ##*****+:::::::::::::::                  
                   ##*****+:::::::::::::::                  
                   ##*****+:::::::::::::::                  
                   ##*****+:::::::::::::::                  
                   ##*****+:::::::::::::::                  
                   ##*****+:::::::::::::::                  
                   ##*****+:::::::::::::::                  
                   ##*****+:::::::::::::::                  
                     #****+::::::::::::::.                  
                        **+:::::..                          
                                                            
                                                            
                                                            
                                                            

                                                            
                                                            
                                                            
                                                            
                                                            
                                                            
                                                            
                                                            
                  @@@@@@%%%%%%###########@                  
                 %%###*******++++++====----                 
                 +======-------:::::......:                 
                  =::..................::=
