---
source: crates/bingo-surface-tui/src/intro/end.rs
expression: drawn
---
                                                                                
                                                                                
                                                                                
                                                                                
                                                                                
                                                                                
+------------------------------------------------------------------------------+
|       #   #                                                                  |
|       #   ##           + Welcome to bingo!                                   |
|       #   ###                                                                |
|            #             /help for help · /login codex to use a subscription |
|     ##                   cwd: /tmp/project                                   |
|     ##                                                                       |
|    ##  #                                                                     |
|    ######                                                                    |
|     #######                                                                  |
| #  ########                                                                  |
|     #######                                                                  |
|      ######                                                                  |
|      ######                                                                  |
+------------------------------------------------------------------------------+
                                                                                
  > |
