---
source: crates/bingo-surface-tui/src/intro/end.rs
expression: "in_look(daylight(), || drawn(80, 24))"
---
                                                                                
                                                                                
                                                                                
                                                                                
                                                                                
                                                                                
╭──────────────────────────────────────────────────────────────────────────────╮
│       =.  =-                                                                 │
│       ▒:..░░:          ✻ Welcome to bingo!                                   │
│       ▒-..+░-.                                                               │
│      :-. ..--:           /help for help · /login codex to use a subscription │
│     +=: .  ...           cwd: /tmp/project                                   │
│   .:▓-.-: . ..                                                               │
│   .░▓::=-..  ..                                                              │
│   .+▓-==--:.  ..                                                             │
│    .░▒░+▒==-.  ..                                                            │
│ =  ░▓▒++===-. .::.                                                           │
│     ▒▒░++==-. .. .                                                           │
│  :  .▓░++==:..:.  .                                                          │
│      =▓+░░░: :-:   .                                                         │
╰──────────────────────────────────────────────────────────────────────────────╯
                                                                                
  > ▌
