---
source: crates/bingo-surface-tui/src/view.rs
expression: screen
---
"                                                                                "
"                                                                                "
"                                                                                "
"                                                                                "
"                                                                                "
"                                                                                "
"                                                                                "
"                                                                                "
"                                                                                "
"                                                                                "
"                                                                                "
"                                                                                "
"                                                                                "
"                                                                                "
"                                                                                "
"❯ have it reviewed                                                              "
"                                                                                "
"✓ SpawnAgent review the diff                                                    "
"  ⎿  reviewer started                                                           "
"  ↳ reviewer · running                                                          "
"╭──────────────────────────────────────────────────────────────────────────────╮"
"│❯ ask anything · / for commands · ! for shell                                 │"
"╰──────────────────────────────────────────────────────────────────────────────╯"
"1 running                                                                 fake-1"
