---
source: crates/bingo-surface-tui/src/view.rs
assertion_line: 1576
expression: screen
---
"❯ bingo.rooms · members                                                         "
"  ├─ reviewer                                                                   "
"  └─ listening                                                                  "
"     └─ scout [ 300s ]                                                          "
"                                                                                "
"  bingo.tasks · tasks                                                           "
"  id  status       subject         owner                                        "
"  ─────────────────────────────────────────                                     "
"   1  pending      write the plan  –                                            "
"   2  in_progress  ship it         reviewer                                     "
"                                                                                "
"                                                                                "
"                                                                                "
"                                                                                "
"                                                                                "
"                                                                                "
"                                                                                "
"                                                                                "
"                                                                                "
"                                                                                "
"╭──────────────────────────────────────────────────────────────────────────────╮"
"│ #design > post to the room                                                   │"
"╰──────────────────────────────────────────────────────────────────────────────╯"
"? for shortcuts                                                       in #design"
