---
source: crates/bingo-surface-tui/src/screens.rs
expression: "draw_tree(80, 24, tree, ui, now)"
---
"                                                                                "
"                                                                                "
"                                                                                "
"                                                                                "
"                                                                                "
"                                                                                "
"                                                                                "
"╭──────────────────────────────────────────────────────────────────────────────╮"
"│ ✻ Welcome to bingo!                                                          │"
"│                                                                              │"
"│   /help for help · /login codex to use a subscription                        │"
"│   cwd: /tmp/project                                                          │"
"╰──────────────────────────────────────────────────────────────────────────────╯"
"                                                                                "
"⏺ Bash(cargo test)                                                              "
"  ⎿     Compiling bingo-sdk v0.1.0                                              "
"        Compiling bingo-core v0.1.0                                             "
"        Compiling bingo-surface-tui v0.1.0                                      "
"                                                                                "
"✻ Stopping… (1s)                                                                "
"╭──────────────────────────────────────────────────────────────────────────────╮"
"│ > ask anything · ⏎ steers · tab queues                                       │"
"╰──────────────────────────────────────────────────────────────────────────────╯"
"? for shortcuts                                                      fake/fake-1"
