---
source: crates/bingo-surface-tui/src/view.rs
expression: screen
---
"                                                                                "
"                                                                                "
"                                                                                "
"                                                                                "
"                                                                                "
"                                                                                "
"                                                                                "
"                                                                                "
"                                                                                "
"                                                                                "
"                                                                                "
"                                                                                "
"                                                                                "
"                                                                                "
"❯ have it reviewed                                                              "
"                                                                                "
"✓ SpawnAgent review the diff                                                    "
"  ⎿  reviewer started                                                           "
"  ↳ reviewer · running                                                          "
"1 agent                                                                         "
"╭──────────────────────────────────────────────────────────────────────────────╮"
"│❯ ask anything · / for commands · ! for shell                                 │"
"╰──────────────────────────────────────────────────────────────────────────────╯"
"? for shortcuts · / commands · ! shell                                    fake-1"
