---
source: crates/bingo-surface-tui/src/theme.rs
expression: rows
---
raised     dark #211d17   light #eee8dd
presence   dark #d97757   light #b24f2c
glow       dark #f2a07c   light #d97757
good       dark #8fcf8a   light #357230
bad        dark #e0655a   light #b02f24
mode       dark #8fb4de   light #2f5f99
good_tint  dark #1b2a1c   light #e0efdd
bad_tint   dark #2d1a19   light #f7e2df
