---
source: crates/bingo-surface-tui/src/view.rs
assertion_line: 1667
expression: screen
---
"                                                                                "
"                                                                                "
"                                                                                "
"                                                                                "
"                                                                                "
"                                                                                "
"                                                                                "
"                                                                                "
"                                                                                "
"                                                                                "
"                                                                                "
"                                                                                "
"╭──────────────────────────────────────────────────────────────────────────────╮"
"│ ✻ Welcome to bingo!                                                          │"
"│                                                                              │"
"│   /help for help · /login codex to use a subscription                        │"
"│   cwd: /tmp/project                                                          │"
"Sessions                                                      Rooms             "
"  ⏺ project   idle                                              #design  0 seats"
"❯ ⏺ reviewer  idle                                                              "
"╭──────────────────────────────────────────────────────────────────────────────╮"
"│ > ask anything · / for commands · ! for shell                                │"
"╰──────────────────────────────────────────────────────────────────────────────╯"
"? for shortcuts                                                           fake-1"
