---
source: crates/bingo-surface-tui/src/screens.rs
expression: "draw_tree(120, 40, tree, ui, now)"
---
"                                                                                                                        "
"                                                                                                                        "
"                                                                                                                        "
"                                                                                                                        "
"                                                                                                                        "
"                                                                                                                        "
"                                                                                                                        "
"                                                                                                                        "
"                                                                                                                        "
"                                                                                                                        "
"                                                                                                                        "
"                                                                                                                        "
"╭──────────────────────────────────────────────────────────────────────────────────────────────────────────────────────╮"
"│ ✻ Welcome to bingo!                                                                                                  │"
"│                                                                                                                      │"
"│   /help for help · /login codex to use a subscription                                                                │"
"│   cwd: /tmp/project                                                                                                  │"
"╰──────────────────────────────────────────────────────────────────────────────────────────────────────────────────────╯"
"                                                                                                                        "
"⏺ OpenRoom(design)                                                                                                      "
"  ⎿  └─ #design                                                                                                         "
"        ├─ helper                                                                                                       "
"        ├─ scout                                                                                                        "
"        ├─ watcher [ 120s ]                                                                                             "
"        └─ parent [ live ]                                                                                              "
"                                                                                                                        "
"⏺ SendMessage(#design)                                                                                                  "
"  ⎿  to    #design                                                                                                      "
"     from  parent                                                                                                       "
"     read  at each seat's next turn; an @ wakes now                                                                     "
"                                                                                                                        "
"⏺ ListAgents                                                                                                            "
"  ⎿  ├─ helper [ busy ]                                                                                                 "
"     └─ scout [ idle ]                                                                                                  "
"                                                                                                                        "
"                                                                                                                        "
"╭──────────────────────────────────────────────────────────────────────────────────────────────────────────────────────╮"
"│ > ask anything · / for commands · ! for shell                                                                        │"
"╰──────────────────────────────────────────────────────────────────────────────────────────────────────────────────────╯"
"? for shortcuts                                                                                              fake/fake-1"
