---
source: crates/bingo-surface-tui/src/view.rs
expression: "render_tree(&tree, &ui, now)"
---
"                                                                                "
"                                                                                "
"                                                                                "
"                                                                                "
"                                                                                "
"                                                                                "
"                                                                                "
"                                                                                "
"                                                                                "
"                                                                                "
"                                                                                "
"                                                                                "
"                                                                                "
"                                                                                "
"                                                                                "
"Sessions                                                                        "
"  project · idle                                                                "
"❯ #design                                                                       "
"  reviewer · idle                                                               "
"  enter to switch · esc to close                                                "
"╭──────────────────────────────────────────────────────────────────────────────╮"
"│❯ ask anything · / for commands · ! for shell                                 │"
"╰──────────────────────────────────────────────────────────────────────────────╯"
"? for shortcuts                                                           fake-1"
