---
source: crates/bingo-surface-tui/src/view.rs
expression: "render(&state, &ui, now)"
---
"Permission · Edit                                                               "
"  Edit src/lib.rs                                                               "
"                                                                                "
"  +line 0                                                                       "
"  +line 1                                                                       "
"  +line 2                                                                       "
"  +line 3                                                                       "
"  +line 4                                                                       "
"  +line 5                                                                       "
"  +line 6                                                                       "
"  +line 7                                                                       "
"  +line 8                                                                       "
"  +line 9                                                                       "
"  +line 10                                                                      "
"  +line 11                                                                      "
"  … 8 more lines                                                                "
"                                                                                "
"❯ 1. Yes                                                                        "
"  2. Yes, for this session (Edit(src/))                                         "
"  3. No, and tell it what to do instead                                         "
"  enter to select · ↑/↓ to navigate · ctrl+e to expand · esc to deny            "
"╭──────────────────────────────────────────────────────────────────────────────╮"
"│❯ ask anything · / for commands · ! for shell                                 │"
"╰──────────────────────────────────────────────────────────────────────────────╯"
