---
source: crates/bingo-surface-tui/src/screens.rs
expression: "draw_tree(80, 24, tree, ui, now)"
---
"╰──────────────────────────────────────────────────────────────────────────────╯"
"                                                                                "
"> rename the wire module                                                        "
"                                                                                "
"✻ Thought for 1s                                                                "
"                                                                                "
"⏺ Read(src/lib.rs)                                                              "
"  ⎿  pub mod wire;                                                              "
"                                                                                "
"⏺ Edit(src/lib.rs)                                                              "
"  ⎿  --- /tmp/project/src/lib.rs                                                "
"     -pub mod wire;                                                             "
"     +pub mod envelope;                                                         "
"                                                                                "
"⏺ Run(cargo test -p wire)                                                       "
"  ⎿  error: no target named `wire`                                              "
"                                                                                "
"⏺ Renamed `wire` to `envelope`; the test target still points at the old name.   "
"                                                                                "
"                                                                                "
"╭──────────────────────────────────────────────────────────────────────────────╮"
"│ > ask anything · / for commands · ! for shell                                │"
"╰──────────────────────────────────────────────────────────────────────────────╯"
"? for shortcuts                                                      fake/fake-1"
