---
source: crates/bingo-surface-tui/src/screens.rs
expression: "draw_tree(120, 40, tree, ui, now)"
---
"                                                                                                    owed                "
"                                                                                                  room     owed         "
"                                                                                                  ─────────────────     "
"                                                                                                  #design  reviewer     "
"                                                                                                                        "
"                                                                                                                        "
"                                                                                                                        "
"                                                                                                                        "
"                                                                                                                        "
"                                                                                                                        "
"                                                                                                                        "
"                                                                                                                        "
"                                                                                                                        "
"                                                                                                                        "
"                                                                                                                        "
"                                                                                                                        "
"                                                                                                                        "
"                                                                                                                        "
"                                                                                                                        "
"                                                                                                                        "
"                                                                                                                        "
"                                                                                                                        "
"                                                                                                                        "
"                                                                                                                        "
"                                                                                                                        "
"                                                                                                                        "
"╭──────────────────────────────────────────────────────────────────────────────────────────────╮                        "
"│ ✻ Welcome to bingo!                                                                          │                        "
"│                                                                                              │                        "
"Agents                                                                                                                  "
"❯ ⏺ project   what is in this workspace?                                                                                "
"  ⏺ reviewer  running · in #design · 3 unread · owes an answer · 22m · 3 tools · 1.2k tokens                            "
"  ~ watcher   idle · in #design · listening · 300s                                                                      "
"  ⏺ scout     done · 0 tools · 0 tokens                                                                                 "
"Rooms                                                                                                                   "
"  #design  2 seats · 1 owed                                                                                             "
"╭──────────────────────────────────────────────────────────────────────────────────────────────╮                        "
"│ > ask anything · / for commands · ! for shell                                                │                        "
"╰──────────────────────────────────────────────────────────────────────────────────────────────╯                        "
"1 running                                                                                                         fake-1"
