---
source: crates/bingo-surface-tui/src/view.rs
expression: "screens.join(\"\\n\")"
---
"                                                                                "
"                                                                                "
"                                                                                "
"                                                                                "
"                                                                                "
"                                                                                "
"                                                                                "
"                                                                                "
"                                                                                "
"                                                                                "
"                                                                                "
"                                                                                "
"                                                                                "
"                                                                                "
"                                                                                "
"                                                                                "
"                                                                                "
"                                                                                "
"                                                                                "
"                                                                                "
"╭──────────────────────────────────────────────────────────────────────────────╮"
"│❯ ask anything · / for commands · ! for shell                                 │"
"╰──────────────────────────────────────────────────────────────────────────────╯"
"? for shortcuts                                                           fake-1"

"                                                                                "
"                                                                                "
"                                                                                "
"                                                                                "
"                                                                                "
"                                                                                "
"                                                                                "
"                                                                                "
"                                                                                "
"                                                                                "
"                                                                                "
"╭──────────────────────────────────────────────────────────────────────────────╮"
"│Permission · Edit                                                             │"
"│  Edit src/lib.rs                                                             │"
"                                                                                "
"                                                                                "
"                                                                                "
"                                                                                "
"                                                                                "
"                                                                                "
"╭──────────────────────────────────────────────────────────────────────────────╮"
"│❯ ask anything · / for commands · ! for shell                                 │"
"╰──────────────────────────────────────────────────────────────────────────────╯"
"? for shortcuts                                                           fake-1"

"                                                                                "
"                                                                                "
"                                                                                "
"                                                                                "
"                                                                                "
"                                                                                "
"                                                                                "
"                                                                                "
"                                                                                "
"                                                                                "
"                                                                                "
"╭──────────────────────────────────────────────────────────────────────────────╮"
"│Permission · Edit                                                             │"
"│  Edit src/lib.rs                                                             │"
"│                                                                              │"
"│❯ 1. Yes                                                                      │"
"│  2. Yes, for this session (Edit(src/))                                       │"
"                                                                                "
"                                                                                "
"                                                                                "
"╭──────────────────────────────────────────────────────────────────────────────╮"
"│❯ ask anything · / for commands · ! for shell                                 │"
"╰──────────────────────────────────────────────────────────────────────────────╯"
"? for shortcuts                                                           fake-1"

"                                                                                "
"                                                                                "
"                                                                                "
"                                                                                "
"                                                                                "
"                                                                                "
"                                                                                "
"                                                                                "
"                                                                                "
"                                                                                "
"                                                                                "
"╭──────────────────────────────────────────────────────────────────────────────╮"
"│Permission · Edit                                                             │"
"│  Edit src/lib.rs                                                             │"
"│                                                                              │"
"│❯ 1. Yes                                                                      │"
"│  2. Yes, for this session (Edit(src/))                                       │"
"│  3. No, and tell it what to do instead                                       │"
"│  enter to select · ↑/↓ to navigate · esc to deny                             │"
"╰──────────────────────────────────────────────────────────────────────────────╯"
"╭──────────────────────────────────────────────────────────────────────────────╮"
"│❯ ask anything · / for commands · ! for shell                                 │"
"╰──────────────────────────────────────────────────────────────────────────────╯"
"? for shortcuts                                                           fake-1"
