---
source: crates/bingo-surface-tui/src/view.rs
expression: "render(&state, &ui, now)"
---
"                                                                                "
"                                                                                "
"                                                                                "
"                                                                                "
"                                                                                "
"                                                                                "
"                                                                                "
"                                                                                "
"                                                                                "
"                                                                                "
"                                                                                "
"                                                                                "
"                                                                                "
"                                                                                "
"                                                                                "
"                                                                                "
"                                                                                "
"                                                                                "
"                                                                                "
"                                                                                "
"╭──────────────────────────────────────────────────────────────────────────────╮"
"│❯ ask anything · / for commands · ! for shell                                 │"
"╰──────────────────────────────────────────────────────────────────────────────╯"
"bypassPermissions · ? for shortcuts · / commands · ! shell                fake-1"
