---
source: crates/bingo-surface-tui/src/view.rs
expression: awake
---
"                                                                                "
"                                                                                "
"                                                                                "
"                                                                                "
"                                                                                "
"                                                                                "
"                                                                                "
"╭──────────────────────────────────────────────────────────────────────────────╮"
"│ ✻ Welcome to bingo!                                                          │"
"│                                                                              │"
"│   /help for help · /login codex to use a subscription                        │"
"│   cwd: /tmp/project                                                          │"
"╰──────────────────────────────────────────────────────────────────────────────╯"
"                                                                                "
"> have it reviewed                                                              "
"                                                                                "
"⏺ reviewer(review the diff)                                                     "
"  project ⏺ idle                                                                "
"  reviewer ⏺ running                                                            "
"❯ scout ⏺ idle                                                                  "
"╭──────────────────────────────────────────────────────────────────────────────╮"
"│ > ask anything · / for commands · ! for shell                                │"
"╰──────────────────────────────────────────────────────────────────────────────╯"
"1 running                                                                 fake-1"
