---
source: crates/bingo-surface-tui/src/screens.rs
expression: "draw_tree(120, 40, tree, ui, now)"
---
"                                                                                                                        "
"                                                                                                                        "
"                                                                                                                        "
"                                                                                                                        "
"                                                                                                                        "
"                                                                                                                        "
"                                                                                                                        "
"                                                                                                                        "
"                                                                                                                        "
"                                                                                                                        "
"                                                                                                                        "
"                                                                                                                        "
"                                                                                                                        "
"                                                                                                                        "
"                                                                                                                        "
"                                                                                                                        "
"                                                                                                                        "
"                                                                                                                        "
"                                                                                                                        "
"                                                                                                                        "
"                                                                                                                        "
"                                                                                                                        "
"                                                                                                                        "
"                                                                                                                        "
"                                                                                                                        "
"                                                                                                                        "
"                                                                                                                        "
"╭──────────────────────────────────────────────────────────────────────────────────────────────────────────────────────╮"
"│ Auth                                                                                                                 │"
"│                                                                                                                      │"
"│ Which provider?                                                                                                      │"
"│ ❯ 1. ☒ Anthropic                                                                                                     │"
"│      claude models                                                                                                   │"
"│   2. ☐ OpenAI                                                                                                        │"
"│   3. Other                                                                                                           │"
"╰──────────────────────────────────────────────────────────────────────────────────────────────────────────────────────╯"
"╭──────────────────────────────────────────────────────────────────────────────────────────────────────────────────────╮"
"│ > ask anything · / for commands · ! for shell                                                                        │"
"╰──────────────────────────────────────────────────────────────────────────────────────────────────────────────────────╯"
"? for shortcuts                                                                                              fake/fake-1"
