---
source: crates/bingo-surface-tui/src/screens.rs
assertion_line: 29
expression: "draw_tree(120, 40, tree, ui, now)"
---
"                                                                                                    owed                "
"                                                                                                  room     owed      as…"
"                                                                                                  ──────────────────────"
"                                                                                                  #design  reviewer  14…"
"                                                                                                                        "
"                                                                                                                        "
"                                                                                                                        "
"                                                                                                                        "
"                                                                                                                        "
"                                                                                                                        "
"                                                                                                                        "
"                                                                                                                        "
"                                                                                                                        "
"                                                                                                                        "
"                                                                                                                        "
"                                                                                                                        "
"                                                                                                                        "
"                                                                                                                        "
"                                                                                                                        "
"                                                                                                                        "
"                                                                                                                        "
"                                                                                                                        "
"                                                                                                                        "
"                                                                                                                        "
"                                                                                                                        "
"                                                                                                                        "
"╭──────────────────────────────────────────────────────────────────────────────────────────────╮                        "
"│ ✻ Welcome to bingo!                                                                          │                        "
"│                                                                                              │                        "
"│   /help for help · /login codex to use a subscription                                        │                        "
"│   cwd: /tmp/project                                                                          │                        "
"Sessions                                                             Rooms                                              "
"❯ ⏺ project   what is in this workspace?                               #design  2 seats · 1 owed                        "
"  ⏺ reviewer  running · in #design · owes an answer since 14:02 · …                                                     "
"  ~ watcher   idle · in #design · listening · 300s                                                                      "
"  ⏺ scout     done · 0 tools · 0 tokens                                                                                 "
"╭──────────────────────────────────────────────────────────────────────────────────────────────╮                        "
"│ > ask anything · / for commands · ! for shell                                                │                        "
"╰──────────────────────────────────────────────────────────────────────────────────────────────╯                        "
"1 running                                                                                                         fake-1"
