---
source: crates/bingo-surface-tui/src/view.rs
expression: screen
---
"                                                                                "
"                                                                                "
"                                                                                "
"                                                                                "
"                                                                                "
"                                                                                "
"                                                                                "
"╭──────────────────────────────────────────────────────────────────────────────╮"
"│ ✻ Welcome to bingo!                                                          │"
"│                                                                              │"
"│   /help for help · /login codex to use a subscription                        │"
"│   cwd: /tmp/project                                                          │"
"╭──────────────────────────────────────────────────────────────────────────────╮"
"│ Edit · reviewer                                                              │"
"│                                                                              │"
"│ Do you want to edit src/lib.rs?                                              │"
"│ ❯ 1. Yes                                                                     │"
"│   2. Yes, allow Edit(src/) during this session                               │"
"│   3. No, and tell bingo what to do differently (esc)                         │"
"╰──────────────────────────────────────────────────────────────────────────────╯"
"╭──────────────────────────────────────────────────────────────────────────────╮"
"│ > ask anything · / for commands · ! for shell                                │"
"╰──────────────────────────────────────────────────────────────────────────────╯"
"1 needs you (ctrl+g)                                                 fake/fake-1"
