---
source: crates/bingo-surface-tui/src/screens.rs
expression: "draw_tree(80, 24, tree, ui, now)"
---
"                                                                                "
"                                                                                "
"                                                                                "
"                                                                                "
"                                                                                "
"╭──────────────────────────────────────────────────────────────────────────────╮"
"│ ✻ Welcome to bingo!                                                          │"
"│                                                                              │"
"│   /help for help · /login codex to use a subscription                        │"
"│   cwd: /tmp/project                                                          │"
"╰──────────────────────────────────────────────────────────────────────────────╯"
"                                                                                "
"> have it reviewed                                                              "
"                                                                                "
"⏺ reviewer(review the diff)                                                     "
"  ⎿  Running… 3 tools · 1.2k tokens                                             "
"1 running                                                                       "
"  project ⏺ idle                                                                "
"  #design                                                                       "
"❯ reviewer ⏺ running                                                            "
"╭──────────────────────────────────────────────────────────────────────────────╮"
"│ > ask anything · / for commands · ! for shell                                │"
"╰──────────────────────────────────────────────────────────────────────────────╯"
"? for shortcuts · / commands · ! shell                                    fake-1"
