---
source: crates/bingo-surface-tui/src/screens.rs
assertion_line: 49
expression: "draw_tree(80, 24, tree, ui, now)"
---
"❯ bingo.rooms · members                                                         "
"  ├─ reviewer                                                                   "
"  └─ scout                                                                      "
"                                                                                "
"                                                                                "
"                                                                                "
"                                                                                "
"                                                                                "
"                                                                                "
"                                                                                "
"                                                                                "
"                                                                                "
"                                                                                "
"                                                                                "
"                                                                                "
"                                                                                "
"                                                                                "
"                                                                                "
"                                                                                "
"                                                                                "
"╭──────────────────────────────────────────────────────────────────────────────╮"
"│ #design > post to the room                                                   │"
"╰──────────────────────────────────────────────────────────────────────────────╯"
"? for shortcuts                                                       in #design"
