---
source: crates/bingo-surface-tui/src/screens.rs
expression: "draw_tree(120, 40, tree, ui, now)"
---
"❯ bingo.charts · candles                                                                                                "
"  AAPL 1 2 3                                                                                                            "
"                                                                                                                        "
"  bingo.demo-ui · sparkline                                                                                             "
"  3 5 8 13                                                                                                              "
"                                                                                                                        "
"                                                                                                                        "
"                                                                                                                        "
"                                                                                                                        "
"                                                                                                                        "
"                                                                                                                        "
"                                                                                                                        "
"                                                                                                                        "
"                                                                                                                        "
"                                                                                                                        "
"                                                                                                                        "
"                                                                                                                        "
"                                                                                                                        "
"                                                                                                                        "
"                                                                                                                        "
"                                                                                                                        "
"                                                                                                                        "
"                                                                                                                        "
"                                                                                                                        "
"                                                                                                                        "
"                                                                                                                        "
"                                                                                                                        "
"                                                                                                                        "
"                                                                                                                        "
"                                                                                                                        "
"                                                                                                                        "
"                                                                                                                        "
"                                                                                                                        "
"                                                                                                                        "
"                                                                                                                        "
"                                                                                                                        "
"╭──────────────────────────────────────────────────────────────────────────────────────────────────────────────────────╮"
"│ > ask anything · / for commands · ! for shell                                                                        │"
"╰──────────────────────────────────────────────────────────────────────────────────────────────────────────────────────╯"
"? for shortcuts                                                                                                   fake-1"
