---
source: crates/bingo-surface-tui/src/view.rs
expression: "render(&state, &ui, now)"
---
"                                                                                "
"                                                                                "
"                                                                                "
"                                                                                "
"                                                                                "
"                                                                                "
"                                                                                "
"                                                                                "
"                                                                                "
"                                                                                "
"╭──────────────────────────────────────────────────────────────────────────────╮"
"│ ✻ Welcome to bingo!                                                          │"
"│                                                                              │"
"│   /help for help · /login codex to use a subscription                        │"
"│   cwd: /tmp/project                                                          │"
"╰──────────────────────────────────────────────────────────────────────────────╯"
"Sign in to codex                                                                "
"  Finish in the browser. If it did not open, go to:                             "
"  https://auth.openai.com/oauth/authorize?client_id=app_x&state=s1              "
"❯ 1. Cancel (esc)                                                               "
"╭──────────────────────────────────────────────────────────────────────────────╮"
"│ > ask anything · / for commands · ! for shell                                │"
"╰──────────────────────────────────────────────────────────────────────────────╯"
"? for shortcuts · / commands · ! shell                                    fake-1"
