---
source: crates/bingo-surface-tui/src/view.rs
expression: screen
---
"                                                                                "
"                                                                                "
"                                                                                "
"                                                                                "
"                                                                                "
"                                                                                "
"                                                                                "
"                                                                                "
"                                                                                "
"                                                                                "
"                                                                                "
"                                                                                "
"                                                                                "
"                                                                                "
"                                                                                "
"                                                                                "
"                                                                                "
"                                                                                "
"                                                                                "
"                                                                                "
"╭──────────────────────────────────────────────────────────────────────────────╮"
"│ #design > post to the room                                                   │"
"╰──────────────────────────────────────────────────────────────────────────────╯"
"? for shortcuts                                                       in #design"
