---
source: crates/bingo-surface-tui/src/screens.rs
expression: "draw_tree(80, 24, tree, ui, now)"
---
"                                                                                "
"                                                                                "
"                                                                                "
"                                                                                "
"                                                                                "
"╭──────────────────────────────────────────────────────────────────────────────╮"
"│ ✻ Welcome to bingo!                                                          │"
"│                                                                              │"
"│   /help for help · /login codex to use a subscription                        │"
"│   cwd: /tmp/project                                                          │"
"╰──────────────────────────────────────────────────────────────────────────────╯"
"                                                                                "
"  􎻮̅̅􎻮̅̍􎻮̅̎􎻮̅̐􎻮̅̒􎻮̅̽􎻮̅̾􎻮̅̿􎻮̅͆ 􎻮̅̅􎻮̅̍􎻮̅̎􎻮̅̐ 􎻮̅̅􎻮̅̍􎻮̅̎􎻮̅̐􎻮̅̒􎻮̅̽                                                         "
"  􎻮̍̅􎻮̍̍􎻮̍̎􎻮̍̐􎻮̍̒􎻮̍̽􎻮̍̾􎻮̍̿􎻮̍͆ 􎻮̍̅􎻮̍̍􎻮̍̎􎻮̍̐ 􎻮̍̅􎻮̍̍􎻮̍̎􎻮̍̐􎻮̍̒􎻮̍̽                                                         "
"  􎻮̎̅􎻮̎̍􎻮̎̎􎻮̎̐􎻮̎̒􎻮̎̽􎻮̎̾􎻮̎̿􎻮̎͆ 􎻮̎̅􎻮̎̍􎻮̎̎􎻮̎̐ 􎻮̎̅􎻮̎̍􎻮̎̎􎻮̎̐􎻮̎̒􎻮̎̽                                                         "
"> which of these has the right margin? [image 1] [image 2] [image 3]            "
"                                                                                "
"⏺ The second one: 24px, where the rest are 16px.                                "
"                                                                                "
"                                                                                "
"╭──────────────────────────────────────────────────────────────────────────────╮"
"│ > ask anything · / for commands · ! for shell                                │"
"╰──────────────────────────────────────────────────────────────────────────────╯"
"? for shortcuts                                                      fake/fake-1"
