---
source: crates/bingo-surface-tui/src/screens.rs
expression: "draw_sized(100, 30, &state, &ui, now)"
---
"enter        send the message                      ctrl+g       switch to a sub-agent's view        "
"shift+enter  newline (ctrl+j · alt+enter · \ ent…  ctrl+t       plugin state (tasks, rooms)         "
"esc          close dialog, panel or menu · inter…  tab          complete the command under the caret"
"ctrl+c       interrupt · clear input · twice to …  shift+tab    cycle permission mode               "
"ctrl+d       exit on an empty input                1-9 · y/a/n  answer the open dialog              "
"up/down      prompt history at the first and las…  ctrl+e       expand the dialog's preview         "
"ctrl+a/e     start / end of the line (home · end)  ctrl+o       expand the latest result · again to…"
"alt+b/f      move one word                         / · !        run a command · run a shell line    "
"ctrl+w/u/k   delete word · to line start · to li…  ?            toggle this panel                   "
"pgup/pgdn    scroll the transcript                                                                  "
"                                                                                                    "
"/help    shortcuts and commands                                                                     "
"/clear   start a fresh session here                                                                 "
"/resume  reopen a session                                                                           "
"/exit    leave bingo                                                                                "
"/quit    leave bingo                                                                                "
"                                                                                                    "
"                                                                                                    "
"                                                                                                    "
"                                                                                                    "
"                                                                                                    "
"                                                                                                    "
"                                                                                                    "
"                                                                                                    "
"                                                                                                    "
"                                                                                                    "
"╭──────────────────────────────────────────────────────────────────────────────────────────────────╮"
"│ > ask anything · / for commands · ! for shell                                                    │"
"╰──────────────────────────────────────────────────────────────────────────────────────────────────╯"
"? for shortcuts                                                                               fake-1"
