---
source: crates/bingo-surface-tui/src/view.rs
expression: "render_tree(&tree, &ui, now)"
---
"                                                                                "
"                                                                                "
"                                                                                "
"                                                                                "
"                                                                                "
"                                                                                "
"╭──────────────────────────────────────────────────────────────────────────────╮"
"│ ✻ Welcome to bingo!                                                          │"
"│                                                                              │"
"│   /help for help · /login codex to use a subscription                        │"
"│   cwd: /tmp/project                                                          │"
"╰──────────────────────────────────────────────────────────────────────────────╯"
"                                                                                "
"> have it reviewed                                                              "
"                                                                                "
"⏺ reviewer(review the diff)                                                     "
"  ⎿  Needs you                                                                  "
"1 needs you                                                                     "
"  project ⏺ idle                                                                "
"❯ reviewer ⏺ idle · needs you                                                   "
"╭──────────────────────────────────────────────────────────────────────────────╮"
"│ > ask anything · / for commands · ! for shell                                │"
"╰──────────────────────────────────────────────────────────────────────────────╯"
"? for shortcuts · / commands · ! shell                                    fake-1"
