---
source: crates/bingo-surface-tui/src/screens.rs
assertion_line: 25
expression: "draw_tree(120, 40, tree, ui, now)"
---
"                                                                                                    owed                "
"                                                                                                  room     owed      as…"
"                                                                                                  ──────────────────────"
"                                                                                                  #design  reviewer  14…"
"                                                                                                  #design  @all      14…"
"                                                                                                                        "
"                                                                                                                        "
"                                                                                                                        "
"                                                                                                                        "
"                                                                                                                        "
"                                                                                                                        "
"                                                                                                                        "
"                                                                                                                        "
"                                                                                                                        "
"                                                                                                                        "
"                                                                                                                        "
"                                                                                                                        "
"                                                                                                                        "
"                                                                                                                        "
"                                                                                                                        "
"                                                                                                                        "
"                                                                                                                        "
"                                                                                                                        "
"                                                                                                                        "
"╭──────────────────────────────────────────────────────────────────────────────────────────────╮                        "
"│ ✻ Welcome to bingo!                                                                          │                        "
"│                                                                                              │                        "
"│   /help for help · /login codex to use a subscription                                        │                        "
"│   cwd: /tmp/project                                                                          │                        "
"╰──────────────────────────────────────────────────────────────────────────────────────────────╯                        "
"                                                                                                                        "
"> ask the room whether the plan is thin                                                                                 "
"                                                                                                                        "
"⏺ Asked in #design.                                                                                                     "
"                                                                                                                        "
"                                                                                                                        "
"╭──────────────────────────────────────────────────────────────────────────────────────────────╮                        "
"│ > ask anything · / for commands · ! for shell                                                │                        "
"╰──────────────────────────────────────────────────────────────────────────────────────────────╯                        "
"? for shortcuts                                                                                                   fake-1"
