---
source: crates/bingo-surface-tui/src/screens.rs
assertion_line: 28
expression: "draw_tree(80, 24, tree, ui, now)"
---
"                                                                                "
"                                                                                "
"                                                                                "
"                                                                                "
"                                                                                "
"╭──────────────────────────────────────────────────────────────────────────────╮"
"│ ✻ Welcome to bingo!                                                          │"
"│                                                                              │"
"│   /help for help · /login codex to use a subscription                        │"
"│   cwd: /tmp/project                                                          │"
"╰──────────────────────────────────────────────────────────────────────────────╯"
"                                                                                "
"> what is in this workspace?                                                    "
"                                                                                "
"  owed                                                                          "
"Sessions                                             Rooms                      "
"❯ ⏺ project   what is in this workspace?               #design  2 seats · 1 owed"
"  ⏺ reviewer  running · in #design · owes an answe…                             "
"  ~ watcher   idle · in #design · listening · 300s                              "
"  ⏺ scout     done · 0 tools · 0 tokens                                         "
"╭──────────────────────────────────────────────────────────────────────────────╮"
"│ > ask anything · / for commands · ! for shell                                │"
"╰──────────────────────────────────────────────────────────────────────────────╯"
"1 running                                                                 fake-1"
