---
source: crates/bingo-surface-tui/src/view.rs
expression: "render(&state, &ui, now)"
---
"                                                                                "
"                                                                                "
"                                                                                "
"                                                                                "
"                                                                                "
"                                                                                "
"                                                                                "
"                                                                                "
"                                                                                "
"╭──────────────────────────────────────────────────────────────────────────────╮"
"│ ✻ Welcome to bingo!                                                          │"
"│                                                                              │"
"│   /help for help · /login codex to use a subscription                        │"
"│   cwd: /tmp/project                                                          │"
"╰──────────────────────────────────────────────────────────────────────────────╯"
"                                                                                "
"⏺ Bash(cargo test)                                                              "
"  ⎿  compiling bingo-surface-tui…                                               "
"                                                                                "
"✻ Rummaging… (esc to interrupt · 1s)                                            "
"╭──────────────────────────────────────────────────────────────────────────────╮"
"│ > ask anything · ⏎ steers · tab queues                                       │"
"╰──────────────────────────────────────────────────────────────────────────────╯"
"? for shortcuts                                                      fake/fake-1"
