---
source: crates/bingo-surface-tui/src/view.rs
expression: screen
---
"                                                                                "
"⠋ Edit src/lib.rs                                                               "
"╭──────────────────────────────────────────────────────────────────────────────╮"
"│Permission · Edit                                                             │"
"│  Edit src/lib.rs                                                             │"
"│                                                                              │"
"│❯ 1. Yes                                                                      │"
"│  2. Yes, for this session (Edit(src/))                                       │"
"│  3. No, and tell it what to do instead                                       │"
"│  enter to select · ↑/↓ to navigate · esc to deny                             │"
"╰──────────────────────────────────────────────────────────────────────────────╯"
"after 7                                                                         "
"                                                                                "
"after 8                                                                         "
"                                                                                "
"after 9                                                                         "
"                                                                                "
"after 10                                                                        "
"                                                                                "
"after 11                                                                        "
"╭──────────────────────────────────────────────────────────────────────────────╮"
"│❯ ask anything · / for commands · ! for shell                                 │"
"╰──────────────────────────────────────────────────────────────────────────────╯"
"? for shortcuts                                                           fake-1"
