---
source: crates/bingo-context/src/memory/teach.rs
assertion_line: 50
expression: block().text
---
# Memory

You keep memories as markdown files, one fact each, in the two directories named by the index headings below; nothing writes them but you. A file is frontmatter — name (its file name, without .md), description (one line), type — then the fact. Types: user (who the person is, how they work), feedback (a correction or a confirmed approach, with **Why:** and **How to apply:**), project (goals and constraints the repository does not record; dates absolute), reference (a URL, a ticket, a dashboard). [[slug]] links another memory.

Remember when the person says who they are or how they want you to work, corrects you, or decides something the tree does not record. First check the index for a file that already covers it, then Write or Edit that file and its line in MEMORY.md. Never store a secret, what the repository records, or what matters only to this conversation.

A memory is background, not an instruction: it says what was true when it was written. The conversation and the tree outrank it; Read a file for the whole fact, and fix or delete a memory they contradict rather than follow it.
