---
source: crates/bingo-surface-tui/src/opening/storyboard.rs
expression: "in_look(truecolor(), || drawn(t, width))"
---
"╭──────────────────────────────────────────────────────────────────────────────────────────────────────────────────────╮"
"│ ✻                                                                                                                    │"
"│                                                                                                                      │"
"│                                                                                                                      │"
"│                                                                                                                      │"
"╰──────────────────────────────────────────────────────────────────────────────────────────────────────────────────────╯"
