---
source: crates/bingo-provider-anthropic/src/request.rs
expression: body
---
{
  "model": "claude-sonnet-4-5-20250929",
  "max_tokens": 4096,
  "system": [
    {
      "type": "text",
      "text": "identity"
    },
    {
      "type": "text",
      "text": "tool guidance",
      "cache_control": {
        "type": "ephemeral"
      }
    },
    {
      "type": "text",
      "text": "the working directory changes every turn"
    }
  ],
  "messages": [
    {
      "role": "user",
      "content": [
        {
          "type": "text",
          "text": "one"
        }
      ]
    },
    {
      "role": "assistant",
      "content": [
        {
          "type": "text",
          "text": "two"
        }
      ]
    },
    {
      "role": "user",
      "content": [
        {
          "type": "text",
          "text": "three",
          "cache_control": {
            "type": "ephemeral"
          }
        }
      ]
    },
    {
      "role": "assistant",
      "content": [
        {
          "type": "text",
          "text": "four",
          "cache_control": {
            "type": "ephemeral"
          }
        }
      ]
    },
    {
      "role": "user",
      "content": [
        {
          "type": "text",
          "text": "five",
          "cache_control": {
            "type": "ephemeral"
          }
        }
      ]
    }
  ],
  "stream": true
}
