---
source: crates/bingo-surface-tui/src/screens/opening.rs
expression: "in_look(truecolor(), || playing(80, 24, t))"
---
"                                                                                "
"                                                                                "
"                                                                                "
"                                                                                "
"                                                                                "
"                                                                                "
"            ▄▄▀   ▄        ▀▀  ▄▀▀▀▀          ▀▀▀▀▀▀▀▀▀▀▀▀▀▀▀▀▀  ▀▀▀▀▀▀ ▄       "
"    ▄▄   ▄  ▀▀▀  ▄▄▄▄      ▀▀  ▀▀▀▀▀          ▀▀▀▀▀▀▀▀▀▀▀▀       ▀  ▄           "
"    ▀▀   ▄▀ ▀▀▀  ▀▀▀▀▀      ▀▀▀▀▀▀▀▀  ▀▀▀▀   ▄▀▀▄▀▀▀▀▀▀▀▀▀▀                     "
"   ▀    ▄▀▄    ▀▀▀▀▀▀▀      ▄  ▀      ▀▀▀▀  ▄▀▀▀▀▀▄ ▀▄▀▀▀▀ ▄▄     ▀▀▀ ▀▀▀▀▀     "
"                       ▀▀    ▀ ▀      ▀▀▀▀ ▄▀▀▀▀▀▀▀▀ ▀▀▄ ▀▀▀▀▀▀                 "
"                                      ▀▀▀▀ ▀▀▀▀▀▀▀▀▀ ▀ ▀▀▄ ▀▀▀▀                 "
"                        ▄ ▀  ▄▄ ▄  ▀  ▀▀▀▀ ▀▀▀▀▀▀▀▀▀▄▀▄ ▀▀▀                     "
"▀   ▀    ▀▀   ▄▄▄▄▄▄                  ▀▀▀▀  ▀▀▀▀▀▀▀▀▀▀▀▄ ▀▀  ▀   ▄▄▄  ▄▄▄▄      "
"     ▀▀   ▀▄ ▄▄▀  ▀▀▀▀▀     ▄▄▄▀▀▀▀▀  ▀▀▀▀  ▀▀▀▀▀▀▀▀▀▀▀▀▀▀▀  ▀                  "
"     ▀▀      ▀▀▀  ▀▀▀▀  ▄▄  ▀▀ ▀▀▀▀▀▀ ▀▀▀▀▄ ▀▀▀▀▀▀▀▀▀▀▀ ▀▀▀▀▄  ▀▄  ▀            "
"              ▀▀            ▀  ▀▀▀▀▀▄        ▀▀▀▀▀▀▀▀▀▄▀▀▀▄▄▀▄  ▀▀▀▄▄▄          "
" ▀   ▄▀▀    ▄               ▀▀▄▄▄▀▀▀    ▀     ▀▀▀▀▀▀▀▀▀▀▀▀▀▀▀▀  ▀▀▀▀▀▀▀▄▄       "
"                                                                                "
"                                                                                "
"╭──────────────────────────────────────────────────────────────────────────────╮"
"│ > ask anything · / for commands · ! for shell                                │"
"╰──────────────────────────────────────────────────────────────────────────────╯"
"? for shortcuts                                                      fake/fake-1"
