---
source: crates/bingo-surface-tui/src/screens/windows.rs
expression: screen.clone()
---
"                                                                                "
"> turn 06: do the thing                                                         "
"                                                                                "
"> turn 07: do the thing                                                         "
"                                                                                "
"> turn 08: do the thing                                                         "
"                                                                                "
"> turn 09: do the thing                                                         "
"                                                                                "
"> turn 10: do the thing                                                         "
"                                                                                "
"Rewind to                                                                       "
"  …                                                                             "
"  turn 07: do the thing · 1 item                                                "
"  turn 06: do the thing · 1 item                                                "
"  turn 05: do the thing · 1 item                                                "
"  turn 04: do the thing · 1 item                                                "
"  turn 03: do the thing · 1 item                                                "
"  turn 02: do the thing · 1 item                                                "
"❯ turn 01: do the thing · 1 item                                                "
"╭──────────────────────────────────────────────────────────────────────────────╮"
"│ > ask anything · / for commands · ! for shell                                │"
"╰──────────────────────────────────────────────────────────────────────────────╯"
"? for shortcuts                                                      fake/fake-1"
